Traceback (most recent call last):
  File "/home/xiaoyan/.local/share/uv/python/cpython-3.13.9-linux-x86_64-gnu/lib/python3.13/asyncio/tasks.py", line 507, in wait_for
    return await fut
           ^^^^^^^^^
  File "/home/xiaoyan/harbor/src/harbor/agents/installed/base.py", line 135, in run
    result = await environment.exec(
             ^^^^^^^^^^^^^^^^^^^^^^^
    ...<4 lines>...
    )
    ^
  File "/home/xiaoyan/harbor/src/harbor/environments/docker/docker.py", line 261, in exec
    return await self._run_docker_compose_command(
           ^^^^^^^^^^^^^^^^^^^^^^^^^^^^^^^^^^^^^^^
        exec_command, check=False, timeout_sec=timeout_sec
        ^^^^^^^^^^^^^^^^^^^^^^^^^^^^^^^^^^^^^^^^^^^^^^^^^^
    )
    ^
  File "/home/xiaoyan/harbor/src/harbor/environments/docker/docker.py", line 144, in _run_docker_compose_command
    stdout_bytes, stderr_bytes = await process.communicate()
                                 ^^^^^^^^^^^^^^^^^^^^^^^^^^^
  File "/home/xiaoyan/.local/share/uv/python/cpython-3.13.9-linux-x86_64-gnu/lib/python3.13/asyncio/subprocess.py", line 201, in communicate
    stdin, stdout, stderr = await tasks.gather(stdin, stdout, stderr)
                            ^^^^^^^^^^^^^^^^^^^^^^^^^^^^^^^^^^^^^^^^^
  File "/home/xiaoyan/.local/share/uv/python/cpython-3.13.9-linux-x86_64-gnu/lib/python3.13/asyncio/subprocess.py", line 181, in _read_stream
    output = await stream.read()
             ^^^^^^^^^^^^^^^^^^^
  File "/home/xiaoyan/.local/share/uv/python/cpython-3.13.9-linux-x86_64-gnu/lib/python3.13/asyncio/streams.py", line 723, in read
    block = await self.read(self._limit)
            ^^^^^^^^^^^^^^^^^^^^^^^^^^^^
  File "/home/xiaoyan/.local/share/uv/python/cpython-3.13.9-linux-x86_64-gnu/lib/python3.13/asyncio/streams.py", line 730, in read
    await self._wait_for_data('read')
  File "/home/xiaoyan/.local/share/uv/python/cpython-3.13.9-linux-x86_64-gnu/lib/python3.13/asyncio/streams.py", line 539, in _wait_for_data
    await self._waiter
asyncio.exceptions.CancelledError

The above exception was the direct cause of the following exception:

Traceback (most recent call last):
  File "/home/xiaoyan/harbor/src/harbor/trial/trial.py", line 228, in _execute_agent
    await asyncio.wait_for(
    ...<6 lines>...
    )
  File "/home/xiaoyan/.local/share/uv/python/cpython-3.13.9-linux-x86_64-gnu/lib/python3.13/asyncio/tasks.py", line 506, in wait_for
    async with timeouts.timeout(timeout):
               ~~~~~~~~~~~~~~~~^^^^^^^^^
  File "/home/xiaoyan/.local/share/uv/python/cpython-3.13.9-linux-x86_64-gnu/lib/python3.13/asyncio/timeouts.py", line 116, in __aexit__
    raise TimeoutError from exc_val
TimeoutError

The above exception was the direct cause of the following exception:

Traceback (most recent call last):
  File "/home/xiaoyan/harbor/src/harbor/trial/trial.py", line 344, in run
    await self._execute_agent()
  File "/home/xiaoyan/harbor/src/harbor/trial/trial.py", line 237, in _execute_agent
    raise AgentTimeoutError(
        f"Agent execution timed out after {self._agent_timeout_sec} seconds"
    ) from e
harbor.trial.trial.AgentTimeoutError: Agent execution timed out after 1200.0 seconds
